// Jest Snapshot v1, https://goo.gl/fbAQLP

exports[`renders correctly 1`] = `
<span
  className="MuiSkeleton-root MuiSkeleton-rect MuiSkeleton-pulse"
  style={
    Object {
      "height": 250,
      "width": undefined,
    }
  }
/>
`;
