// Jest Snapshot v1, https://goo.gl/fbAQLP

exports[`renders correctly 1`] = `
<a
  className="makeStyles-root-1"
  href="/reports"
  onClick={[Function]}
>
  Relat√≥rios
</a>
`;
