// Jest Snapshot v1, https://goo.gl/fbAQLP

exports[`renders correctly 1`] = `
<div
  className="makeStyles-root-1"
>
  <header
    className="MuiPaper-root MuiAppBar-root MuiAppBar-positionFixed MuiAppBar-colorPrimary mui-fixed MuiPaper-elevation4"
  >
    <div
      className="MuiToolbar-root MuiToolbar-regular makeStyles-toolbar-3 MuiToolbar-gutters"
    >
      <a
        className="makeStyles-root-4"
        href="/"
        onClick={[Function]}
      >
        <h6
          className="MuiTypography-root makeStyles-link-2 MuiTypography-h6"
        >
          Agenda
        </h6>
      </a>
      <a
        className="makeStyles-root-4"
        href="/users"
        onClick={[Function]}
      >
        <h6
          className="MuiTypography-root makeStyles-link-2 MuiTypography-h6"
        >
          Colaboradores
        </h6>
      </a>
      <a
        className="makeStyles-root-4"
        href="/resources"
        onClick={[Function]}
      >
        <h6
          className="MuiTypography-root makeStyles-link-2 MuiTypography-h6"
        >
          Recursos
        </h6>
      </a>
      <a
        className="makeStyles-root-4"
        href="/reports"
        onClick={[Function]}
      >
        <h6
          className="MuiTypography-root makeStyles-link-2 MuiTypography-h6"
        >
          Relat√≥rios
        </h6>
      </a>
    </div>
  </header>
</div>
`;
